/home/jguven/Software/miniconda3/envs/bss-d/lib/python3.9/site-packages/numpy/core/getlimits.py:499: UserWarning: The value of the smallest subnormal for <class 'numpy.float64'> type is zero.
  setattr(self, word, getattr(machar, word).flat[0])
/home/jguven/Software/miniconda3/envs/bss-d/lib/python3.9/site-packages/numpy/core/getlimits.py:89: UserWarning: The value of the smallest subnormal for <class 'numpy.float64'> type is zero.
  return self._float_to_str(self.smallest_subnormal)
/home/jguven/Software/miniconda3/envs/bss-d/lib/python3.9/site-packages/numpy/core/getlimits.py:499: UserWarning: The value of the smallest subnormal for <class 'numpy.float32'> type is zero.
  setattr(self, word, getattr(machar, word).flat[0])
/home/jguven/Software/miniconda3/envs/bss-d/lib/python3.9/site-packages/numpy/core/getlimits.py:89: UserWarning: The value of the smallest subnormal for <class 'numpy.float32'> type is zero.
  return self._float_to_str(self.smallest_subnormal)
Warning: importing 'simtk.openmm' is deprecated.  Import 'openmm' instead.

==============================================================
Sending anonymous Sire usage statistics to http://siremol.org.
For more information, see http://siremol.org/analytics
To disable, set the environment variable 'SIRE_DONT_PHONEHOME' to 1
To see the information sent, set the environment variable 
SIRE_VERBOSE_PHONEHOME equal to 1. To silence this message, set
the environment variable SIRE_SILENT_PHONEHOME to 1.
==============================================================

Program: rbfe_setup.py, ligand 1: 1, ligand 2: 12
=======================================
==============FREE STAGE===============
=======================================
Loading ligands 1 and 12.
<class 'BioSimSpace._SireWrappers._molecule.Molecule'>
Mapping and aligning...
Merging...
Traceback (most recent call last):
  File "/home/jguven/projects/metalloproteins/execution_model/scripts/rbfe_setup.py", line 43, in <module>
    merged_ligands = bss.Align.merge(ligand_1, ligand_2_aligned, mapping)
  File "/home/jguven/Software/miniconda3/envs/bss-d/lib/python3.9/site-packages/BioSimSpace/Align/_align.py", line 1216, in merge
    return _merge(molecule0, molecule1, sire_mapping, allow_ring_breaking=allow_ring_breaking,
  File "/home/jguven/Software/miniconda3/envs/bss-d/lib/python3.9/site-packages/BioSimSpace/Align/_merge.py", line 868, in merge
    raise _IncompatibleError("The merge has opened/closed a ring. To allow this "
BioSimSpace._Exceptions._exceptions.IncompatibleError: The merge has opened/closed a ring. To allow this perturbation, set the 'allow_ring_breaking' option to 'True'.

During handling of the above exception, another exception occurred:

Traceback (most recent call last):
  File "/home/jguven/projects/metalloproteins/execution_model/scripts/rbfe_setup.py", line 45, in <module>
    raise NameError(f"The merge has opened/closed a ring on ligand {sys.argv[2]}")
NameError: The merge has opened/closed a ring on ligand 12
